// Jest Snapshot v1, https://goo.gl/fbAQLP

exports[`my component should display the full name if passed 1`] = `
<my-component>
  <mock:shadow-root>
    Hello, my name is John Doe
  </mock:shadow-root>
</my-component>
`;
